MPLINK 4.31, Linker
Linker Map File - Created Thu Sep 24 17:32:17 2009

                                 Section Info
                  Section       Type    Address   Location Size(Bytes)
                ---------  ---------  ---------  ---------  ---------
               _entry_scn       code   0x000000    program   0x000006
                   .cinit    romdata   0x000006    program   0x00000e
          .romdata_main.o    romdata   0x000014    program   0x0012e6
             .code_main.o       code   0x0012fa    program   0x000c30
               .code_ui.o       code   0x001f2a    program   0x000a3c
            .code_conio.o       code   0x002966    program   0x00054c
             .stringtable    romdata   0x002eb2    program   0x000352
         .code_hw_pic18.o       code   0x003204    program   0x000158
                     PROG       code   0x00335c    program   0x0000da
               _cinit_scn       code   0x003436    program   0x00009e
         .code_fxd1616u.o       code   0x0034d4    program   0x00002c
             _startup_scn       code   0x003500    program   0x00001c
         .code_fxd0808u.o       code   0x00351c    program   0x00001c
                    .code       code   0x003538    program   0x00000e
           .code___init.o       code   0x003546    program   0x000002
            .romdata_ui.o    romdata   0x003548    program   0x000000
            .idata_ui.o_i    romdata   0x003548    program   0x000000
      .romdata_hw_pic18.o    romdata   0x003548    program   0x000000
         .romdata_conio.o    romdata   0x003548    program   0x000000
        .romdata___init.o    romdata   0x003548    program   0x000000
      .romdata_fxd1616u.o    romdata   0x003548    program   0x000000
          .idata_main.o_i    romdata   0x003548    program   0x000058
      .romdata_fxd0808u.o    romdata   0x003548    program   0x000000
         .romdata_c018i.o    romdata   0x003548    program   0x000000
        .idata___init.o_i    romdata   0x0035a0    program   0x000000
      .idata_fxd1616u.o_i    romdata   0x0035a0    program   0x000000
      .idata_fxd0808u.o_i    romdata   0x0035a0    program   0x000000
      .idata_hw_pic18.o_i    romdata   0x0035a0    program   0x000000
         .idata_conio.o_i    romdata   0x0035a0    program   0x000000
            .code_c018i.o       code   0x0035a0    program   0x000000
         .idata_c018i.o_i    romdata   0x0035a0    program   0x000000
.config_300000_hw_pic18.o    romdata   0x300000    program   0x000001
.config_300001_hw_pic18.o    romdata   0x300001    program   0x000001
.config_300002_hw_pic18.o    romdata   0x300002    program   0x000001
.config_300003_hw_pic18.o    romdata   0x300003    program   0x000001
.config_300005_hw_pic18.o    romdata   0x300005    program   0x000001
.config_300006_hw_pic18.o    romdata   0x300006    program   0x000001
.config_300008_hw_pic18.o    romdata   0x300008    program   0x000001
.config_300009_hw_pic18.o    romdata   0x300009    program   0x000001
.config_30000a_hw_pic18.o    romdata   0x30000a    program   0x000001
.config_30000b_hw_pic18.o    romdata   0x30000b    program   0x000001
.config_30000c_hw_pic18.o    romdata   0x30000c    program   0x000001
.config_30000d_hw_pic18.o    romdata   0x30000d    program   0x000001
                MATH_DATA      udata   0x000000       data   0x000014
                 .tmpdata      udata   0x000014       data   0x00000a
            .idata_main.o      idata   0x000060       data   0x000058
           .udata_c018i.o      udata   0x0000b8       data   0x00000a
          .idata___init.o      idata   0x0000c2       data   0x000000
          .udata___init.o      udata   0x0000c2       data   0x000000
        .idata_fxd1616u.o      idata   0x0000c2       data   0x000000
        .udata_fxd1616u.o      udata   0x0000c2       data   0x000000
        .idata_fxd0808u.o      idata   0x0000c2       data   0x000000
        .udata_fxd0808u.o      udata   0x0000c2       data   0x000000
        .idata_hw_pic18.o      idata   0x0000c2       data   0x000000
        .udata_hw_pic18.o      udata   0x0000c2       data   0x000000
              .idata_ui.o      idata   0x0000c2       data   0x000000
              .udata_ui.o      udata   0x0000c2       data   0x000000
           .idata_conio.o      idata   0x0000c2       data   0x000000
           .udata_conio.o      udata   0x0000c2       data   0x000000
            .udata_main.o      udata   0x0000c2       data   0x000000
           .idata_c018i.o      idata   0x0000c2       data   0x000000
                   .stack      udata   0x000300       data   0x000100
            SFR_UNBANKED0      udata   0x000f66       data   0x00009a



                              Program Memory Usage 
                               Start         End      
                           ---------   ---------      
                            0x000000    0x00359f      
                            0x300000    0x300003      
                            0x300005    0x300006      
                            0x300008    0x30000d      
            13740 out of 33048 program addresses used, program memory utilization is 41%



                              Symbols - Sorted by Name
                     Name    Address   Location    Storage File                     
                ---------  ---------  ---------  --------- ---------                
                   D0808S   0x003372    program     static C:\MCC18\src\traditional\math\fxd0808s.asm
                D0808SNEG   0x003380    program     static C:\MCC18\src\traditional\math\fxd0808s.asm
                 D0808SOK   0x00337c    program     static C:\MCC18\src\traditional\math\fxd0808s.asm
                  D0808SX   0x003386    program     static C:\MCC18\src\traditional\math\fxd0808s.asm
                   D1616S   0x0033b2    program     static C:\MCC18\src\traditional\math\fxd1616s.asm
                D1616SNEG   0x0033c0    program     static C:\MCC18\src\traditional\math\fxd1616s.asm
                 D1616SOK   0x0033bc    program     static C:\MCC18\src\traditional\math\fxd1616s.asm
                  D1616SX   0x0033d2    program     static C:\MCC18\src\traditional\math\fxd1616s.asm
                  DA0808S   0x003368    program     static C:\MCC18\src\traditional\math\fxd0808s.asm
                  DA1616S   0x0033a2    program     static C:\MCC18\src\traditional\math\fxd1616s.asm
                 FXD0808S   0x00335c    program     extern C:\MCC18\src\traditional\math\fxd0808s.asm
                 FXD0808U   0x00351c    program     extern C:\MCC18\src\traditional\math\fxd0808u.c
                 FXD1616S   0x003390    program     extern C:\MCC18\src\traditional\math\fxd1616s.asm
                 FXD1616U   0x0034d4    program     extern C:\MCC18\src\traditional\math\fxd1616u.c
                 FXM1616S   0x0033dc    program     extern C:\MCC18\src\traditional\math\fxm1616s.asm
                 MCU_Init   0x0032d4    program     extern c:\projekty\microvga\uvga-conio-demo\uvga-conio-demo\pic18F2550_mplab\hw_pic18.c
               TSIGN1616A   0x003428    program     static C:\MCC18\src\traditional\math\fxm1616s.asm
       ___return_lbl00000   0x0034fe    program     static                          
       ___return_lbl00000   0x003536    program     static                          
       ___return_lbl00000   0x000004    program     static                          
       ___return_lbl00000   0x003224    program     static                          
       ___return_lbl00001   0x00351a    program     static                          
       ___return_lbl00002   0x0034d2    program     static                          
        ___while_lbl00001   0x00320c    program     static                          
        ___while_lbl00002   0x003210    program     static                          
        ___while_lbl00003   0x003210    program     static                          
        ___while_lbl00004   0x003214    program     static                          
        ___while_lbl00005   0x00321c    program     static                          
        ___while_lbl00006   0x003220    program     static                          
        ___while_lbl00007   0x003220    program     static                          
        ___while_lbl00008   0x003224    program     static                          
               __config_0   0x300000    program     static c:\projekty\microvga\uvga-conio-demo\uvga-conio-demo\pic18F2550_mplab\hw_pic18.c
               __config_1   0x300001    program     static c:\projekty\microvga\uvga-conio-demo\uvga-conio-demo\pic18F2550_mplab\hw_pic18.c
              __config_10   0x30000c    program     static c:\projekty\microvga\uvga-conio-demo\uvga-conio-demo\pic18F2550_mplab\hw_pic18.c
              __config_11   0x30000d    program     static c:\projekty\microvga\uvga-conio-demo\uvga-conio-demo\pic18F2550_mplab\hw_pic18.c
               __config_2   0x300002    program     static c:\projekty\microvga\uvga-conio-demo\uvga-conio-demo\pic18F2550_mplab\hw_pic18.c
               __config_3   0x300003    program     static c:\projekty\microvga\uvga-conio-demo\uvga-conio-demo\pic18F2550_mplab\hw_pic18.c
               __config_4   0x300005    program     static c:\projekty\microvga\uvga-conio-demo\uvga-conio-demo\pic18F2550_mplab\hw_pic18.c
               __config_5   0x300006    program     static c:\projekty\microvga\uvga-conio-demo\uvga-conio-demo\pic18F2550_mplab\hw_pic18.c
               __config_6   0x300008    program     static c:\projekty\microvga\uvga-conio-demo\uvga-conio-demo\pic18F2550_mplab\hw_pic18.c
               __config_7   0x300009    program     static c:\projekty\microvga\uvga-conio-demo\uvga-conio-demo\pic18F2550_mplab\hw_pic18.c
               __config_8   0x30000a    program     static c:\projekty\microvga\uvga-conio-demo\uvga-conio-demo\pic18F2550_mplab\hw_pic18.c
               __config_9   0x30000b    program     static c:\projekty\microvga\uvga-conio-demo\uvga-conio-demo\pic18F2550_mplab\hw_pic18.c
                   __init   0x003546    program     extern C:\MCC18\src\traditional\stdclib\__init.c
               __string_1   0x0031ff    program     static c:\projekty\microvga\uvga-conio-demo\uvga-conio-demo\main.c
              __string_10   0x003181    program     static c:\projekty\microvga\uvga-conio-demo\uvga-conio-demo\main.c
              __string_11   0x00316e    program     static c:\projekty\microvga\uvga-conio-demo\uvga-conio-demo\main.c
              __string_12   0x00315b    program     static c:\projekty\microvga\uvga-conio-demo\uvga-conio-demo\main.c
              __string_13   0x00314b    program     static c:\projekty\microvga\uvga-conio-demo\uvga-conio-demo\main.c
              __string_14   0x003130    program     static c:\projekty\microvga\uvga-conio-demo\uvga-conio-demo\main.c
              __string_16   0x00312c    program     static c:\projekty\microvga\uvga-conio-demo\uvga-conio-demo\main.c
              __string_17   0x00311d    program     static c:\projekty\microvga\uvga-conio-demo\uvga-conio-demo\main.c
              __string_18   0x003108    program     static c:\projekty\microvga\uvga-conio-demo\uvga-conio-demo\main.c
              __string_19   0x003105    program     static c:\projekty\microvga\uvga-conio-demo\uvga-conio-demo\main.c
               __string_2   0x0031f8    program     static c:\projekty\microvga\uvga-conio-demo\uvga-conio-demo\main.c
              __string_20   0x0030fe    program     static c:\projekty\microvga\uvga-conio-demo\uvga-conio-demo\main.c
              __string_21   0x0030e1    program     static c:\projekty\microvga\uvga-conio-demo\uvga-conio-demo\main.c
              __string_22   0x0030df    program     static c:\projekty\microvga\uvga-conio-demo\uvga-conio-demo\main.c
              __string_23   0x0030c7    program     static c:\projekty\microvga\uvga-conio-demo\uvga-conio-demo\main.c
              __string_24   0x0030be    program     static c:\projekty\microvga\uvga-conio-demo\uvga-conio-demo\main.c
              __string_25   0x0030b3    program     static c:\projekty\microvga\uvga-conio-demo\uvga-conio-demo\main.c
              __string_26   0x0030a2    program     static c:\projekty\microvga\uvga-conio-demo\uvga-conio-demo\main.c
              __string_27   0x003086    program     static c:\projekty\microvga\uvga-conio-demo\uvga-conio-demo\main.c
              __string_28   0x003077    program     static c:\projekty\microvga\uvga-conio-demo\uvga-conio-demo\main.c
              __string_29   0x003065    program     static c:\projekty\microvga\uvga-conio-demo\uvga-conio-demo\main.c
               __string_3   0x0031f3    program     static c:\projekty\microvga\uvga-conio-demo\uvga-conio-demo\main.c
              __string_30   0x002ec4    program     static c:\projekty\microvga\uvga-conio-demo\uvga-conio-demo\main.c
              __string_31   0x002eb2    program     static c:\projekty\microvga\uvga-conio-demo\uvga-conio-demo\main.c
               __string_4   0x0031e5    program     static c:\projekty\microvga\uvga-conio-demo\uvga-conio-demo\main.c
               __string_5   0x0031d2    program     static c:\projekty\microvga\uvga-conio-demo\uvga-conio-demo\main.c
               __string_6   0x0031c7    program     static c:\projekty\microvga\uvga-conio-demo\uvga-conio-demo\main.c
               __string_7   0x0031b9    program     static c:\projekty\microvga\uvga-conio-demo\uvga-conio-demo\main.c
               __string_8   0x0031a2    program     static c:\projekty\microvga\uvga-conio-demo\uvga-conio-demo\main.c
               __string_9   0x003193    program     static c:\projekty\microvga\uvga-conio-demo\uvga-conio-demo\main.c
            __zero_memory   0x003538    program     extern C:\MCC18\src\traditional\proc\p18F2550.asm
                   _cgets   0x002ce4    program     extern c:\projekty\microvga\uvga-conio-demo\uvga-conio-demo\lib\conio.c
                   _cputs   0x002c8e    program     extern c:\projekty\microvga\uvga-conio-demo\uvga-conio-demo\lib\conio.c
                _do_cinit   0x003436    program     extern C:\MCC18\src\traditional\startup\c018i.c
                   _entry   0x000000    program     extern C:\MCC18\src\traditional\startup\c018i.c
                   _getch   0x003258    program     extern c:\projekty\microvga\uvga-conio-demo\uvga-conio-demo\pic18F2550_mplab\hw_pic18.c
                   _kbhit   0x00322c    program     extern c:\projekty\microvga\uvga-conio-demo\uvga-conio-demo\pic18F2550_mplab\hw_pic18.c
                   _putch   0x003204    program     extern c:\projekty\microvga\uvga-conio-demo\uvga-conio-demo\pic18F2550_mplab\hw_pic18.c
                 _startup   0x003500    program     extern C:\MCC18\src\traditional\startup\c018i.c
                ascii_art   0x001ad2    program     extern c:\projekty\microvga\uvga-conio-demo\uvga-conio-demo\main.c
            ascii_art_str   0x000014    program     static c:\projekty\microvga\uvga-conio-demo\uvga-conio-demo\aa.c
               clear_loop   0x00353e    program     static C:\MCC18\src\traditional\proc\p18F2550.asm
                      cli   0x001826    program     extern c:\projekty\microvga\uvga-conio-demo\uvga-conio-demo\main.c
                   clreol   0x002990    program     extern c:\projekty\microvga\uvga-conio-demo\uvga-conio-demo\lib\conio.c
                   clrscr   0x002966    program     extern c:\projekty\microvga\uvga-conio-demo\uvga-conio-demo\lib\conio.c
                copy_loop   0x0034a8    program     static                          
            copy_one_byte   0x0034ae    program     static                          
                cursoroff   0x0029e4    program     extern c:\projekty\microvga\uvga-conio-demo\uvga-conio-demo\lib\conio.c
                 cursoron   0x0029b0    program     extern c:\projekty\microvga\uvga-conio-demo\uvga-conio-demo\lib\conio.c
                debugdemo   0x001778    program     extern c:\projekty\microvga\uvga-conio-demo\uvga-conio-demo\main.c
                     done   0x0034d2    program     static                          
             done_copying   0x0034bc    program     static                          
                drawfkeys   0x00252a    program     extern c:\projekty\microvga\uvga-conio-demo\uvga-conio-demo\lib\ui.c
                drawframe   0x002752    program     extern c:\projekty\microvga\uvga-conio-demo\uvga-conio-demo\lib\ui.c
                  drawmem   0x0012fa    program     extern c:\projekty\microvga\uvga-conio-demo\uvga-conio-demo\main.c
                  endloop   0x003532    program     static                          
                  endloop   0x0034fa    program     static                          
                   gotoxy   0x002ba2    program     extern c:\projekty\microvga\uvga-conio-demo\uvga-conio-demo\lib\conio.c
                     loop   0x003524    program     static                          
                     loop   0x003510    program     static                          
                     loop   0x0034de    program     static                          
                     main   0x001ce6    program     extern c:\projekty\microvga\uvga-conio-demo\uvga-conio-demo\main.c
                memviewer   0x0015bc    program     extern c:\projekty\microvga\uvga-conio-demo\uvga-conio-demo\main.c
                  runmenu   0x001f2a    program     extern c:\projekty\microvga\uvga-conio-demo\uvga-conio-demo\lib\ui.c
                speedtest   0x001958    program     extern c:\projekty\microvga\uvga-conio-demo\uvga-conio-demo\main.c
              submenutest   0x001a72    program     extern c:\projekty\microvga\uvga-conio-demo\uvga-conio-demo\main.c
                     test   0x003450    program     static                          
                testCGetS   0x001b1a    program     extern c:\projekty\microvga\uvga-conio-demo\uvga-conio-demo\main.c
                 textattr   0x002b4e    program     extern c:\projekty\microvga\uvga-conio-demo\uvga-conio-demo\lib\conio.c
           textbackground   0x002ac0    program     extern c:\projekty\microvga\uvga-conio-demo\uvga-conio-demo\lib\conio.c
                textcolor   0x002a18    program     extern c:\projekty\microvga\uvga-conio-demo\uvga-conio-demo\lib\conio.c
                   ADCON0   0x000fc2       data     extern C:\MCC18\src\traditional\proc\p18F2550.asm
               ADCON0bits   0x000fc2       data     extern C:\MCC18\src\traditional\proc\p18F2550.asm
                   ADCON1   0x000fc1       data     extern C:\MCC18\src\traditional\proc\p18F2550.asm
               ADCON1bits   0x000fc1       data     extern C:\MCC18\src\traditional\proc\p18F2550.asm
                   ADCON2   0x000fc0       data     extern C:\MCC18\src\traditional\proc\p18F2550.asm
               ADCON2bits   0x000fc0       data     extern C:\MCC18\src\traditional\proc\p18F2550.asm
                    ADRES   0x000fc3       data     extern C:\MCC18\src\traditional\proc\p18F2550.asm
                   ADRESH   0x000fc4       data     extern C:\MCC18\src\traditional\proc\p18F2550.asm
                   ADRESL   0x000fc3       data     extern C:\MCC18\src\traditional\proc\p18F2550.asm
                  BAUDCON   0x000fb8       data     extern C:\MCC18\src\traditional\proc\p18F2550.asm
              BAUDCONbits   0x000fb8       data     extern C:\MCC18\src\traditional\proc\p18F2550.asm
                      BSR   0x000fe0       data     extern C:\MCC18\src\traditional\proc\p18F2550.asm
                   CCP1AS   0x000fb6       data     extern C:\MCC18\src\traditional\proc\p18F2550.asm
               CCP1ASbits   0x000fb6       data     extern C:\MCC18\src\traditional\proc\p18F2550.asm
                  CCP1CON   0x000fbd       data     extern C:\MCC18\src\traditional\proc\p18F2550.asm
              CCP1CONbits   0x000fbd       data     extern C:\MCC18\src\traditional\proc\p18F2550.asm
                  CCP1DEL   0x000fb7       data     extern C:\MCC18\src\traditional\proc\p18F2550.asm
              CCP1DELbits   0x000fb7       data     extern C:\MCC18\src\traditional\proc\p18F2550.asm
                  CCP2CON   0x000fba       data     extern C:\MCC18\src\traditional\proc\p18F2550.asm
              CCP2CONbits   0x000fba       data     extern C:\MCC18\src\traditional\proc\p18F2550.asm
                    CCPR1   0x000fbe       data     extern C:\MCC18\src\traditional\proc\p18F2550.asm
                   CCPR1H   0x000fbf       data     extern C:\MCC18\src\traditional\proc\p18F2550.asm
                   CCPR1L   0x000fbe       data     extern C:\MCC18\src\traditional\proc\p18F2550.asm
                    CCPR2   0x000fbb       data     extern C:\MCC18\src\traditional\proc\p18F2550.asm
                   CCPR2H   0x000fbc       data     extern C:\MCC18\src\traditional\proc\p18F2550.asm
                   CCPR2L   0x000fbb       data     extern C:\MCC18\src\traditional\proc\p18F2550.asm
                    CMCON   0x000fb4       data     extern C:\MCC18\src\traditional\proc\p18F2550.asm
                CMCONbits   0x000fb4       data     extern C:\MCC18\src\traditional\proc\p18F2550.asm
                   CVRCON   0x000fb5       data     extern C:\MCC18\src\traditional\proc\p18F2550.asm
               CVRCONbits   0x000fb5       data     extern C:\MCC18\src\traditional\proc\p18F2550.asm
                     DDRA   0x000f92       data     extern C:\MCC18\src\traditional\proc\p18F2550.asm
                 DDRAbits   0x000f92       data     extern C:\MCC18\src\traditional\proc\p18F2550.asm
                     DDRB   0x000f93       data     extern C:\MCC18\src\traditional\proc\p18F2550.asm
                 DDRBbits   0x000f93       data     extern C:\MCC18\src\traditional\proc\p18F2550.asm
                     DDRC   0x000f94       data     extern C:\MCC18\src\traditional\proc\p18F2550.asm
                 DDRCbits   0x000f94       data     extern C:\MCC18\src\traditional\proc\p18F2550.asm
                  ECCP1AS   0x000fb6       data     extern C:\MCC18\src\traditional\proc\p18F2550.asm
              ECCP1ASbits   0x000fb6       data     extern C:\MCC18\src\traditional\proc\p18F2550.asm
                 ECCP1DEL   0x000fb7       data     extern C:\MCC18\src\traditional\proc\p18F2550.asm
             ECCP1DELbits   0x000fb7       data     extern C:\MCC18\src\traditional\proc\p18F2550.asm
                    EEADR   0x000fa9       data     extern C:\MCC18\src\traditional\proc\p18F2550.asm
                   EECON1   0x000fa6       data     extern C:\MCC18\src\traditional\proc\p18F2550.asm
               EECON1bits   0x000fa6       data     extern C:\MCC18\src\traditional\proc\p18F2550.asm
                   EECON2   0x000fa7       data     extern C:\MCC18\src\traditional\proc\p18F2550.asm
                   EEDATA   0x000fa8       data     extern C:\MCC18\src\traditional\proc\p18F2550.asm
                     FSR0   0x000fe9       data     extern C:\MCC18\src\traditional\proc\p18F2550.asm
                    FSR0H   0x000fea       data     extern C:\MCC18\src\traditional\proc\p18F2550.asm
                    FSR0L   0x000fe9       data     extern C:\MCC18\src\traditional\proc\p18F2550.asm
                     FSR1   0x000fe1       data     extern C:\MCC18\src\traditional\proc\p18F2550.asm
                    FSR1H   0x000fe2       data     extern C:\MCC18\src\traditional\proc\p18F2550.asm
                    FSR1L   0x000fe1       data     extern C:\MCC18\src\traditional\proc\p18F2550.asm
                     FSR2   0x000fd9       data     extern C:\MCC18\src\traditional\proc\p18F2550.asm
                    FSR2H   0x000fda       data     extern C:\MCC18\src\traditional\proc\p18F2550.asm
                    FSR2L   0x000fd9       data     extern C:\MCC18\src\traditional\proc\p18F2550.asm
                  HLVDCON   0x000fd2       data     extern C:\MCC18\src\traditional\proc\p18F2550.asm
              HLVDCONbits   0x000fd2       data     extern C:\MCC18\src\traditional\proc\p18F2550.asm
                    INDF0   0x000fef       data     extern C:\MCC18\src\traditional\proc\p18F2550.asm
                    INDF1   0x000fe7       data     extern C:\MCC18\src\traditional\proc\p18F2550.asm
                    INDF2   0x000fdf       data     extern C:\MCC18\src\traditional\proc\p18F2550.asm
                   INTCON   0x000ff2       data     extern C:\MCC18\src\traditional\proc\p18F2550.asm
                  INTCON2   0x000ff1       data     extern C:\MCC18\src\traditional\proc\p18F2550.asm
              INTCON2bits   0x000ff1       data     extern C:\MCC18\src\traditional\proc\p18F2550.asm
                  INTCON3   0x000ff0       data     extern C:\MCC18\src\traditional\proc\p18F2550.asm
              INTCON3bits   0x000ff0       data     extern C:\MCC18\src\traditional\proc\p18F2550.asm
               INTCONbits   0x000ff2       data     extern C:\MCC18\src\traditional\proc\p18F2550.asm
                     IPR1   0x000f9f       data     extern C:\MCC18\src\traditional\proc\p18F2550.asm
                 IPR1bits   0x000f9f       data     extern C:\MCC18\src\traditional\proc\p18F2550.asm
                     IPR2   0x000fa2       data     extern C:\MCC18\src\traditional\proc\p18F2550.asm
                 IPR2bits   0x000fa2       data     extern C:\MCC18\src\traditional\proc\p18F2550.asm
                     LATA   0x000f89       data     extern C:\MCC18\src\traditional\proc\p18F2550.asm
                 LATAbits   0x000f89       data     extern C:\MCC18\src\traditional\proc\p18F2550.asm
                     LATB   0x000f8a       data     extern C:\MCC18\src\traditional\proc\p18F2550.asm
                 LATBbits   0x000f8a       data     extern C:\MCC18\src\traditional\proc\p18F2550.asm
                     LATC   0x000f8b       data     extern C:\MCC18\src\traditional\proc\p18F2550.asm
                 LATCbits   0x000f8b       data     extern C:\MCC18\src\traditional\proc\p18F2550.asm
                   LVDCON   0x000fd2       data     extern C:\MCC18\src\traditional\proc\p18F2550.asm
               LVDCONbits   0x000fd2       data     extern C:\MCC18\src\traditional\proc\p18F2550.asm
                   OSCCON   0x000fd3       data     extern C:\MCC18\src\traditional\proc\p18F2550.asm
               OSCCONbits   0x000fd3       data     extern C:\MCC18\src\traditional\proc\p18F2550.asm
                  OSCTUNE   0x000f9b       data     extern C:\MCC18\src\traditional\proc\p18F2550.asm
              OSCTUNEbits   0x000f9b       data     extern C:\MCC18\src\traditional\proc\p18F2550.asm
                       PC   0x000ff9       data     extern C:\MCC18\src\traditional\proc\p18F2550.asm
                      PCL   0x000ff9       data     extern C:\MCC18\src\traditional\proc\p18F2550.asm
                   PCLATH   0x000ffa       data     extern C:\MCC18\src\traditional\proc\p18F2550.asm
                   PCLATU   0x000ffb       data     extern C:\MCC18\src\traditional\proc\p18F2550.asm
                     PIE1   0x000f9d       data     extern C:\MCC18\src\traditional\proc\p18F2550.asm
                 PIE1bits   0x000f9d       data     extern C:\MCC18\src\traditional\proc\p18F2550.asm
                     PIE2   0x000fa0       data     extern C:\MCC18\src\traditional\proc\p18F2550.asm
                 PIE2bits   0x000fa0       data     extern C:\MCC18\src\traditional\proc\p18F2550.asm
                     PIR1   0x000f9e       data     extern C:\MCC18\src\traditional\proc\p18F2550.asm
                 PIR1bits   0x000f9e       data     extern C:\MCC18\src\traditional\proc\p18F2550.asm
                     PIR2   0x000fa1       data     extern C:\MCC18\src\traditional\proc\p18F2550.asm
                 PIR2bits   0x000fa1       data     extern C:\MCC18\src\traditional\proc\p18F2550.asm
                   PLUSW0   0x000feb       data     extern C:\MCC18\src\traditional\proc\p18F2550.asm
                   PLUSW1   0x000fe3       data     extern C:\MCC18\src\traditional\proc\p18F2550.asm
                   PLUSW2   0x000fdb       data     extern C:\MCC18\src\traditional\proc\p18F2550.asm
                    PORTA   0x000f80       data     extern C:\MCC18\src\traditional\proc\p18F2550.asm
                PORTAbits   0x000f80       data     extern C:\MCC18\src\traditional\proc\p18F2550.asm
                    PORTB   0x000f81       data     extern C:\MCC18\src\traditional\proc\p18F2550.asm
                PORTBbits   0x000f81       data     extern C:\MCC18\src\traditional\proc\p18F2550.asm
                    PORTC   0x000f82       data     extern C:\MCC18\src\traditional\proc\p18F2550.asm
                PORTCbits   0x000f82       data     extern C:\MCC18\src\traditional\proc\p18F2550.asm
                    PORTE   0x000f84       data     extern C:\MCC18\src\traditional\proc\p18F2550.asm
                PORTEbits   0x000f84       data     extern C:\MCC18\src\traditional\proc\p18F2550.asm
                 POSTDEC0   0x000fed       data     extern C:\MCC18\src\traditional\proc\p18F2550.asm
                 POSTDEC1   0x000fe5       data     extern C:\MCC18\src\traditional\proc\p18F2550.asm
                 POSTDEC2   0x000fdd       data     extern C:\MCC18\src\traditional\proc\p18F2550.asm
                 POSTINC0   0x000fee       data     extern C:\MCC18\src\traditional\proc\p18F2550.asm
                 POSTINC1   0x000fe6       data     extern C:\MCC18\src\traditional\proc\p18F2550.asm
                 POSTINC2   0x000fde       data     extern C:\MCC18\src\traditional\proc\p18F2550.asm
                      PR2   0x000fcb       data     extern C:\MCC18\src\traditional\proc\p18F2550.asm
                  PREINC0   0x000fec       data     extern C:\MCC18\src\traditional\proc\p18F2550.asm
                  PREINC1   0x000fe4       data     extern C:\MCC18\src\traditional\proc\p18F2550.asm
                  PREINC2   0x000fdc       data     extern C:\MCC18\src\traditional\proc\p18F2550.asm
                     PROD   0x000ff3       data     extern C:\MCC18\src\traditional\proc\p18F2550.asm
                    PRODH   0x000ff4       data     extern C:\MCC18\src\traditional\proc\p18F2550.asm
                    PRODL   0x000ff3       data     extern C:\MCC18\src\traditional\proc\p18F2550.asm
                     RCON   0x000fd0       data     extern C:\MCC18\src\traditional\proc\p18F2550.asm
                 RCONbits   0x000fd0       data     extern C:\MCC18\src\traditional\proc\p18F2550.asm
                    RCREG   0x000fae       data     extern C:\MCC18\src\traditional\proc\p18F2550.asm
                    RCSTA   0x000fab       data     extern C:\MCC18\src\traditional\proc\p18F2550.asm
                RCSTAbits   0x000fab       data     extern C:\MCC18\src\traditional\proc\p18F2550.asm
                     SIGN   0x000000       data     extern C:\MCC18\src\traditional\math\cmath18.asm
                    SPBRG   0x000faf       data     extern C:\MCC18\src\traditional\proc\p18F2550.asm
                   SPBRGH   0x000fb0       data     extern C:\MCC18\src\traditional\proc\p18F2550.asm
                   SSPADD   0x000fc8       data     extern C:\MCC18\src\traditional\proc\p18F2550.asm
                   SSPBUF   0x000fc9       data     extern C:\MCC18\src\traditional\proc\p18F2550.asm
                  SSPCON1   0x000fc6       data     extern C:\MCC18\src\traditional\proc\p18F2550.asm
              SSPCON1bits   0x000fc6       data     extern C:\MCC18\src\traditional\proc\p18F2550.asm
                  SSPCON2   0x000fc5       data     extern C:\MCC18\src\traditional\proc\p18F2550.asm
              SSPCON2bits   0x000fc5       data     extern C:\MCC18\src\traditional\proc\p18F2550.asm
                  SSPSTAT   0x000fc7       data     extern C:\MCC18\src\traditional\proc\p18F2550.asm
              SSPSTATbits   0x000fc7       data     extern C:\MCC18\src\traditional\proc\p18F2550.asm
                   STATUS   0x000fd8       data     extern C:\MCC18\src\traditional\proc\p18F2550.asm
               STATUSbits   0x000fd8       data     extern C:\MCC18\src\traditional\proc\p18F2550.asm
                   STKPTR   0x000ffc       data     extern C:\MCC18\src\traditional\proc\p18F2550.asm
               STKPTRbits   0x000ffc       data     extern C:\MCC18\src\traditional\proc\p18F2550.asm
                    T0CON   0x000fd5       data     extern C:\MCC18\src\traditional\proc\p18F2550.asm
                T0CONbits   0x000fd5       data     extern C:\MCC18\src\traditional\proc\p18F2550.asm
                    T1CON   0x000fcd       data     extern C:\MCC18\src\traditional\proc\p18F2550.asm
                T1CONbits   0x000fcd       data     extern C:\MCC18\src\traditional\proc\p18F2550.asm
                    T2CON   0x000fca       data     extern C:\MCC18\src\traditional\proc\p18F2550.asm
                T2CONbits   0x000fca       data     extern C:\MCC18\src\traditional\proc\p18F2550.asm
                    T3CON   0x000fb1       data     extern C:\MCC18\src\traditional\proc\p18F2550.asm
                T3CONbits   0x000fb1       data     extern C:\MCC18\src\traditional\proc\p18F2550.asm
                   TABLAT   0x000ff5       data     extern C:\MCC18\src\traditional\proc\p18F2550.asm
                   TBLPTR   0x000ff6       data     extern C:\MCC18\src\traditional\proc\p18F2550.asm
                  TBLPTRH   0x000ff7       data     extern C:\MCC18\src\traditional\proc\p18F2550.asm
                  TBLPTRL   0x000ff6       data     extern C:\MCC18\src\traditional\proc\p18F2550.asm
                  TBLPTRU   0x000ff8       data     extern C:\MCC18\src\traditional\proc\p18F2550.asm
                    TMR0H   0x000fd7       data     extern C:\MCC18\src\traditional\proc\p18F2550.asm
                    TMR0L   0x000fd6       data     extern C:\MCC18\src\traditional\proc\p18F2550.asm
                    TMR1H   0x000fcf       data     extern C:\MCC18\src\traditional\proc\p18F2550.asm
                    TMR1L   0x000fce       data     extern C:\MCC18\src\traditional\proc\p18F2550.asm
                     TMR2   0x000fcc       data     extern C:\MCC18\src\traditional\proc\p18F2550.asm
                    TMR3H   0x000fb3       data     extern C:\MCC18\src\traditional\proc\p18F2550.asm
                    TMR3L   0x000fb2       data     extern C:\MCC18\src\traditional\proc\p18F2550.asm
                      TOS   0x000ffd       data     extern C:\MCC18\src\traditional\proc\p18F2550.asm
                     TOSH   0x000ffe       data     extern C:\MCC18\src\traditional\proc\p18F2550.asm
                     TOSL   0x000ffd       data     extern C:\MCC18\src\traditional\proc\p18F2550.asm
                     TOSU   0x000fff       data     extern C:\MCC18\src\traditional\proc\p18F2550.asm
                    TRISA   0x000f92       data     extern C:\MCC18\src\traditional\proc\p18F2550.asm
                TRISAbits   0x000f92       data     extern C:\MCC18\src\traditional\proc\p18F2550.asm
                    TRISB   0x000f93       data     extern C:\MCC18\src\traditional\proc\p18F2550.asm
                TRISBbits   0x000f93       data     extern C:\MCC18\src\traditional\proc\p18F2550.asm
                    TRISC   0x000f94       data     extern C:\MCC18\src\traditional\proc\p18F2550.asm
                TRISCbits   0x000f94       data     extern C:\MCC18\src\traditional\proc\p18F2550.asm
                    TXREG   0x000fad       data     extern C:\MCC18\src\traditional\proc\p18F2550.asm
                    TXSTA   0x000fac       data     extern C:\MCC18\src\traditional\proc\p18F2550.asm
                TXSTAbits   0x000fac       data     extern C:\MCC18\src\traditional\proc\p18F2550.asm
                    UADDR   0x000f6e       data     extern C:\MCC18\src\traditional\proc\p18F2550.asm
                UADDRbits   0x000f6e       data     extern C:\MCC18\src\traditional\proc\p18F2550.asm
                     UCFG   0x000f6f       data     extern C:\MCC18\src\traditional\proc\p18F2550.asm
                 UCFGbits   0x000f6f       data     extern C:\MCC18\src\traditional\proc\p18F2550.asm
                     UCON   0x000f6d       data     extern C:\MCC18\src\traditional\proc\p18F2550.asm
                 UCONbits   0x000f6d       data     extern C:\MCC18\src\traditional\proc\p18F2550.asm
                     UEIE   0x000f6b       data     extern C:\MCC18\src\traditional\proc\p18F2550.asm
                 UEIEbits   0x000f6b       data     extern C:\MCC18\src\traditional\proc\p18F2550.asm
                     UEIR   0x000f6a       data     extern C:\MCC18\src\traditional\proc\p18F2550.asm
                 UEIRbits   0x000f6a       data     extern C:\MCC18\src\traditional\proc\p18F2550.asm
                     UEP0   0x000f70       data     extern C:\MCC18\src\traditional\proc\p18F2550.asm
                 UEP0bits   0x000f70       data     extern C:\MCC18\src\traditional\proc\p18F2550.asm
                     UEP1   0x000f71       data     extern C:\MCC18\src\traditional\proc\p18F2550.asm
                    UEP10   0x000f7a       data     extern C:\MCC18\src\traditional\proc\p18F2550.asm
                UEP10bits   0x000f7a       data     extern C:\MCC18\src\traditional\proc\p18F2550.asm
                    UEP11   0x000f7b       data     extern C:\MCC18\src\traditional\proc\p18F2550.asm
                UEP11bits   0x000f7b       data     extern C:\MCC18\src\traditional\proc\p18F2550.asm
                    UEP12   0x000f7c       data     extern C:\MCC18\src\traditional\proc\p18F2550.asm
                UEP12bits   0x000f7c       data     extern C:\MCC18\src\traditional\proc\p18F2550.asm
                    UEP13   0x000f7d       data     extern C:\MCC18\src\traditional\proc\p18F2550.asm
                UEP13bits   0x000f7d       data     extern C:\MCC18\src\traditional\proc\p18F2550.asm
                    UEP14   0x000f7e       data     extern C:\MCC18\src\traditional\proc\p18F2550.asm
                UEP14bits   0x000f7e       data     extern C:\MCC18\src\traditional\proc\p18F2550.asm
                    UEP15   0x000f7f       data     extern C:\MCC18\src\traditional\proc\p18F2550.asm
                UEP15bits   0x000f7f       data     extern C:\MCC18\src\traditional\proc\p18F2550.asm
                 UEP1bits   0x000f71       data     extern C:\MCC18\src\traditional\proc\p18F2550.asm
                     UEP2   0x000f72       data     extern C:\MCC18\src\traditional\proc\p18F2550.asm
                 UEP2bits   0x000f72       data     extern C:\MCC18\src\traditional\proc\p18F2550.asm
                     UEP3   0x000f73       data     extern C:\MCC18\src\traditional\proc\p18F2550.asm
                 UEP3bits   0x000f73       data     extern C:\MCC18\src\traditional\proc\p18F2550.asm
                     UEP4   0x000f74       data     extern C:\MCC18\src\traditional\proc\p18F2550.asm
                 UEP4bits   0x000f74       data     extern C:\MCC18\src\traditional\proc\p18F2550.asm
                     UEP5   0x000f75       data     extern C:\MCC18\src\traditional\proc\p18F2550.asm
                 UEP5bits   0x000f75       data     extern C:\MCC18\src\traditional\proc\p18F2550.asm
                     UEP6   0x000f76       data     extern C:\MCC18\src\traditional\proc\p18F2550.asm
                 UEP6bits   0x000f76       data     extern C:\MCC18\src\traditional\proc\p18F2550.asm
                     UEP7   0x000f77       data     extern C:\MCC18\src\traditional\proc\p18F2550.asm
                 UEP7bits   0x000f77       data     extern C:\MCC18\src\traditional\proc\p18F2550.asm
                     UEP8   0x000f78       data     extern C:\MCC18\src\traditional\proc\p18F2550.asm
                 UEP8bits   0x000f78       data     extern C:\MCC18\src\traditional\proc\p18F2550.asm
                     UEP9   0x000f79       data     extern C:\MCC18\src\traditional\proc\p18F2550.asm
                 UEP9bits   0x000f79       data     extern C:\MCC18\src\traditional\proc\p18F2550.asm
                     UFRM   0x000f66       data     extern C:\MCC18\src\traditional\proc\p18F2550.asm
                    UFRMH   0x000f67       data     extern C:\MCC18\src\traditional\proc\p18F2550.asm
                UFRMHbits   0x000f67       data     extern C:\MCC18\src\traditional\proc\p18F2550.asm
                    UFRML   0x000f66       data     extern C:\MCC18\src\traditional\proc\p18F2550.asm
                UFRMLbits   0x000f66       data     extern C:\MCC18\src\traditional\proc\p18F2550.asm
                      UIE   0x000f69       data     extern C:\MCC18\src\traditional\proc\p18F2550.asm
                  UIEbits   0x000f69       data     extern C:\MCC18\src\traditional\proc\p18F2550.asm
                      UIR   0x000f68       data     extern C:\MCC18\src\traditional\proc\p18F2550.asm
                  UIRbits   0x000f68       data     extern C:\MCC18\src\traditional\proc\p18F2550.asm
                    USTAT   0x000f6c       data     extern C:\MCC18\src\traditional\proc\p18F2550.asm
                USTATbits   0x000f6c       data     extern C:\MCC18\src\traditional\proc\p18F2550.asm
                   WDTCON   0x000fd1       data     extern C:\MCC18\src\traditional\proc\p18F2550.asm
               WDTCONbits   0x000fd1       data     extern C:\MCC18\src\traditional\proc\p18F2550.asm
                     WREG   0x000fe8       data     extern C:\MCC18\src\traditional\proc\p18F2550.asm
                 __AARGB0   0x000009       data     extern C:\MCC18\src\traditional\math\aarg.asm
                 __AARGB1   0x000008       data     extern C:\MCC18\src\traditional\math\aarg.asm
                 __AARGB2   0x000007       data     extern C:\MCC18\src\traditional\math\aarg.asm
                 __AARGB3   0x000006       data     extern C:\MCC18\src\traditional\math\aarg.asm
                 __AARGB4   0x000005       data     extern C:\MCC18\src\traditional\math\aarg.asm
                 __AARGB5   0x000004       data     extern C:\MCC18\src\traditional\math\aarg.asm
                 __AARGB6   0x000003       data     extern C:\MCC18\src\traditional\math\aarg.asm
                 __AARGB7   0x000002       data     extern C:\MCC18\src\traditional\math\aarg.asm
                   __AEXP   0x00000a       data     extern C:\MCC18\src\traditional\math\aarg.asm
                 __BARGB0   0x00000e       data     extern C:\MCC18\src\traditional\math\barg.asm
                 __BARGB1   0x00000d       data     extern C:\MCC18\src\traditional\math\barg.asm
                 __BARGB2   0x00000c       data     extern C:\MCC18\src\traditional\math\barg.asm
                 __BARGB3   0x00000b       data     extern C:\MCC18\src\traditional\math\barg.asm
                   __BEXP   0x00000f       data     extern C:\MCC18\src\traditional\math\barg.asm
                __FPFLAGS   0x000001       data     extern C:\MCC18\src\traditional\math\cmath18.asm
            __FPFLAGSbits   0x000001       data     extern C:\MCC18\src\traditional\math\cmath18.asm
                  __REMB0   0x000005       data     extern C:\MCC18\src\traditional\math\aarg.asm
                  __REMB1   0x000004       data     extern C:\MCC18\src\traditional\math\aarg.asm
                  __REMB2   0x000003       data     extern C:\MCC18\src\traditional\math\aarg.asm
                  __REMB3   0x000002       data     extern C:\MCC18\src\traditional\math\aarg.asm
                   __TEMP   0x000013       data     extern C:\MCC18\src\traditional\math\temparg.asm
                 __TEMPB0   0x000013       data     extern C:\MCC18\src\traditional\math\temparg.asm
                 __TEMPB1   0x000012       data     extern C:\MCC18\src\traditional\math\temparg.asm
                 __TEMPB2   0x000011       data     extern C:\MCC18\src\traditional\math\temparg.asm
                 __TEMPB3   0x000010       data     extern C:\MCC18\src\traditional\math\temparg.asm
                  __tmp_0   0x000014       data     static c:\projekty\microvga\uvga-conio-demo\uvga-conio-demo\pic18F2550_mplab\hw_pic18.c
                  __tmp_0   0x000014       data     static c:\projekty\microvga\uvga-conio-demo\uvga-conio-demo\lib\ui.c
                  __tmp_0   0x000014       data     static c:\projekty\microvga\uvga-conio-demo\uvga-conio-demo\lib\conio.c
                  __tmp_0   0x000014       data     static c:\projekty\microvga\uvga-conio-demo\uvga-conio-demo\main.c
                curr_byte   0x0000bb       data     static C:\MCC18\src\traditional\startup\c018i.c
               curr_entry   0x0000bd       data     static C:\MCC18\src\traditional\startup\c018i.c
                 data_ptr   0x0000bf       data     static C:\MCC18\src\traditional\startup\c018i.c
                 hexchars   0x0000a5       data     static c:\projekty\microvga\uvga-conio-demo\uvga-conio-demo\main.c
                 mainmenu   0x00007e       data     static c:\projekty\microvga\uvga-conio-demo\uvga-conio-demo\main.c
            memview_fkeys   0x000060       data     static c:\projekty\microvga\uvga-conio-demo\uvga-conio-demo\main.c
                     prom   0x0000b8       data     static C:\MCC18\src\traditional\startup\c018i.c
                 submenu1   0x000096       data     static c:\projekty\microvga\uvga-conio-demo\uvga-conio-demo\main.c
                uvga_logo   0x0000b5       data     static c:\projekty\microvga\uvga-conio-demo\uvga-conio-demo\main.c



                              Symbols - Sorted by Address
                     Name    Address   Location    Storage File                     
                ---------  ---------  ---------  --------- ---------                
                   _entry   0x000000    program     extern C:\MCC18\src\traditional\startup\c018i.c
       ___return_lbl00000   0x000004    program     static                          
            ascii_art_str   0x000014    program     static c:\projekty\microvga\uvga-conio-demo\uvga-conio-demo\aa.c
                  drawmem   0x0012fa    program     extern c:\projekty\microvga\uvga-conio-demo\uvga-conio-demo\main.c
                memviewer   0x0015bc    program     extern c:\projekty\microvga\uvga-conio-demo\uvga-conio-demo\main.c
                debugdemo   0x001778    program     extern c:\projekty\microvga\uvga-conio-demo\uvga-conio-demo\main.c
                      cli   0x001826    program     extern c:\projekty\microvga\uvga-conio-demo\uvga-conio-demo\main.c
                speedtest   0x001958    program     extern c:\projekty\microvga\uvga-conio-demo\uvga-conio-demo\main.c
              submenutest   0x001a72    program     extern c:\projekty\microvga\uvga-conio-demo\uvga-conio-demo\main.c
                ascii_art   0x001ad2    program     extern c:\projekty\microvga\uvga-conio-demo\uvga-conio-demo\main.c
                testCGetS   0x001b1a    program     extern c:\projekty\microvga\uvga-conio-demo\uvga-conio-demo\main.c
                     main   0x001ce6    program     extern c:\projekty\microvga\uvga-conio-demo\uvga-conio-demo\main.c
                  runmenu   0x001f2a    program     extern c:\projekty\microvga\uvga-conio-demo\uvga-conio-demo\lib\ui.c
                drawfkeys   0x00252a    program     extern c:\projekty\microvga\uvga-conio-demo\uvga-conio-demo\lib\ui.c
                drawframe   0x002752    program     extern c:\projekty\microvga\uvga-conio-demo\uvga-conio-demo\lib\ui.c
                   clrscr   0x002966    program     extern c:\projekty\microvga\uvga-conio-demo\uvga-conio-demo\lib\conio.c
                   clreol   0x002990    program     extern c:\projekty\microvga\uvga-conio-demo\uvga-conio-demo\lib\conio.c
                 cursoron   0x0029b0    program     extern c:\projekty\microvga\uvga-conio-demo\uvga-conio-demo\lib\conio.c
                cursoroff   0x0029e4    program     extern c:\projekty\microvga\uvga-conio-demo\uvga-conio-demo\lib\conio.c
                textcolor   0x002a18    program     extern c:\projekty\microvga\uvga-conio-demo\uvga-conio-demo\lib\conio.c
           textbackground   0x002ac0    program     extern c:\projekty\microvga\uvga-conio-demo\uvga-conio-demo\lib\conio.c
                 textattr   0x002b4e    program     extern c:\projekty\microvga\uvga-conio-demo\uvga-conio-demo\lib\conio.c
                   gotoxy   0x002ba2    program     extern c:\projekty\microvga\uvga-conio-demo\uvga-conio-demo\lib\conio.c
                   _cputs   0x002c8e    program     extern c:\projekty\microvga\uvga-conio-demo\uvga-conio-demo\lib\conio.c
                   _cgets   0x002ce4    program     extern c:\projekty\microvga\uvga-conio-demo\uvga-conio-demo\lib\conio.c
              __string_31   0x002eb2    program     static c:\projekty\microvga\uvga-conio-demo\uvga-conio-demo\main.c
              __string_30   0x002ec4    program     static c:\projekty\microvga\uvga-conio-demo\uvga-conio-demo\main.c
              __string_29   0x003065    program     static c:\projekty\microvga\uvga-conio-demo\uvga-conio-demo\main.c
              __string_28   0x003077    program     static c:\projekty\microvga\uvga-conio-demo\uvga-conio-demo\main.c
              __string_27   0x003086    program     static c:\projekty\microvga\uvga-conio-demo\uvga-conio-demo\main.c
              __string_26   0x0030a2    program     static c:\projekty\microvga\uvga-conio-demo\uvga-conio-demo\main.c
              __string_25   0x0030b3    program     static c:\projekty\microvga\uvga-conio-demo\uvga-conio-demo\main.c
              __string_24   0x0030be    program     static c:\projekty\microvga\uvga-conio-demo\uvga-conio-demo\main.c
              __string_23   0x0030c7    program     static c:\projekty\microvga\uvga-conio-demo\uvga-conio-demo\main.c
              __string_22   0x0030df    program     static c:\projekty\microvga\uvga-conio-demo\uvga-conio-demo\main.c
              __string_21   0x0030e1    program     static c:\projekty\microvga\uvga-conio-demo\uvga-conio-demo\main.c
              __string_20   0x0030fe    program     static c:\projekty\microvga\uvga-conio-demo\uvga-conio-demo\main.c
              __string_19   0x003105    program     static c:\projekty\microvga\uvga-conio-demo\uvga-conio-demo\main.c
              __string_18   0x003108    program     static c:\projekty\microvga\uvga-conio-demo\uvga-conio-demo\main.c
              __string_17   0x00311d    program     static c:\projekty\microvga\uvga-conio-demo\uvga-conio-demo\main.c
              __string_16   0x00312c    program     static c:\projekty\microvga\uvga-conio-demo\uvga-conio-demo\main.c
              __string_14   0x003130    program     static c:\projekty\microvga\uvga-conio-demo\uvga-conio-demo\main.c
              __string_13   0x00314b    program     static c:\projekty\microvga\uvga-conio-demo\uvga-conio-demo\main.c
              __string_12   0x00315b    program     static c:\projekty\microvga\uvga-conio-demo\uvga-conio-demo\main.c
              __string_11   0x00316e    program     static c:\projekty\microvga\uvga-conio-demo\uvga-conio-demo\main.c
              __string_10   0x003181    program     static c:\projekty\microvga\uvga-conio-demo\uvga-conio-demo\main.c
               __string_9   0x003193    program     static c:\projekty\microvga\uvga-conio-demo\uvga-conio-demo\main.c
               __string_8   0x0031a2    program     static c:\projekty\microvga\uvga-conio-demo\uvga-conio-demo\main.c
               __string_7   0x0031b9    program     static c:\projekty\microvga\uvga-conio-demo\uvga-conio-demo\main.c
               __string_6   0x0031c7    program     static c:\projekty\microvga\uvga-conio-demo\uvga-conio-demo\main.c
               __string_5   0x0031d2    program     static c:\projekty\microvga\uvga-conio-demo\uvga-conio-demo\main.c
               __string_4   0x0031e5    program     static c:\projekty\microvga\uvga-conio-demo\uvga-conio-demo\main.c
               __string_3   0x0031f3    program     static c:\projekty\microvga\uvga-conio-demo\uvga-conio-demo\main.c
               __string_2   0x0031f8    program     static c:\projekty\microvga\uvga-conio-demo\uvga-conio-demo\main.c
               __string_1   0x0031ff    program     static c:\projekty\microvga\uvga-conio-demo\uvga-conio-demo\main.c
                   _putch   0x003204    program     extern c:\projekty\microvga\uvga-conio-demo\uvga-conio-demo\pic18F2550_mplab\hw_pic18.c
        ___while_lbl00001   0x00320c    program     static                          
        ___while_lbl00002   0x003210    program     static                          
        ___while_lbl00003   0x003210    program     static                          
        ___while_lbl00004   0x003214    program     static                          
        ___while_lbl00005   0x00321c    program     static                          
        ___while_lbl00007   0x003220    program     static                          
        ___while_lbl00006   0x003220    program     static                          
       ___return_lbl00000   0x003224    program     static                          
        ___while_lbl00008   0x003224    program     static                          
                   _kbhit   0x00322c    program     extern c:\projekty\microvga\uvga-conio-demo\uvga-conio-demo\pic18F2550_mplab\hw_pic18.c
                   _getch   0x003258    program     extern c:\projekty\microvga\uvga-conio-demo\uvga-conio-demo\pic18F2550_mplab\hw_pic18.c
                 MCU_Init   0x0032d4    program     extern c:\projekty\microvga\uvga-conio-demo\uvga-conio-demo\pic18F2550_mplab\hw_pic18.c
                 FXD0808S   0x00335c    program     extern C:\MCC18\src\traditional\math\fxd0808s.asm
                  DA0808S   0x003368    program     static C:\MCC18\src\traditional\math\fxd0808s.asm
                   D0808S   0x003372    program     static C:\MCC18\src\traditional\math\fxd0808s.asm
                 D0808SOK   0x00337c    program     static C:\MCC18\src\traditional\math\fxd0808s.asm
                D0808SNEG   0x003380    program     static C:\MCC18\src\traditional\math\fxd0808s.asm
                  D0808SX   0x003386    program     static C:\MCC18\src\traditional\math\fxd0808s.asm
                 FXD1616S   0x003390    program     extern C:\MCC18\src\traditional\math\fxd1616s.asm
                  DA1616S   0x0033a2    program     static C:\MCC18\src\traditional\math\fxd1616s.asm
                   D1616S   0x0033b2    program     static C:\MCC18\src\traditional\math\fxd1616s.asm
                 D1616SOK   0x0033bc    program     static C:\MCC18\src\traditional\math\fxd1616s.asm
                D1616SNEG   0x0033c0    program     static C:\MCC18\src\traditional\math\fxd1616s.asm
                  D1616SX   0x0033d2    program     static C:\MCC18\src\traditional\math\fxd1616s.asm
                 FXM1616S   0x0033dc    program     extern C:\MCC18\src\traditional\math\fxm1616s.asm
               TSIGN1616A   0x003428    program     static C:\MCC18\src\traditional\math\fxm1616s.asm
                _do_cinit   0x003436    program     extern C:\MCC18\src\traditional\startup\c018i.c
                     test   0x003450    program     static                          
                copy_loop   0x0034a8    program     static                          
            copy_one_byte   0x0034ae    program     static                          
             done_copying   0x0034bc    program     static                          
       ___return_lbl00002   0x0034d2    program     static                          
                     done   0x0034d2    program     static                          
                 FXD1616U   0x0034d4    program     extern C:\MCC18\src\traditional\math\fxd1616u.c
                     loop   0x0034de    program     static                          
                  endloop   0x0034fa    program     static                          
       ___return_lbl00000   0x0034fe    program     static                          
                 _startup   0x003500    program     extern C:\MCC18\src\traditional\startup\c018i.c
                     loop   0x003510    program     static                          
       ___return_lbl00001   0x00351a    program     static                          
                 FXD0808U   0x00351c    program     extern C:\MCC18\src\traditional\math\fxd0808u.c
                     loop   0x003524    program     static                          
                  endloop   0x003532    program     static                          
       ___return_lbl00000   0x003536    program     static                          
            __zero_memory   0x003538    program     extern C:\MCC18\src\traditional\proc\p18F2550.asm
               clear_loop   0x00353e    program     static C:\MCC18\src\traditional\proc\p18F2550.asm
                   __init   0x003546    program     extern C:\MCC18\src\traditional\stdclib\__init.c
               __config_0   0x300000    program     static c:\projekty\microvga\uvga-conio-demo\uvga-conio-demo\pic18F2550_mplab\hw_pic18.c
               __config_1   0x300001    program     static c:\projekty\microvga\uvga-conio-demo\uvga-conio-demo\pic18F2550_mplab\hw_pic18.c
               __config_2   0x300002    program     static c:\projekty\microvga\uvga-conio-demo\uvga-conio-demo\pic18F2550_mplab\hw_pic18.c
               __config_3   0x300003    program     static c:\projekty\microvga\uvga-conio-demo\uvga-conio-demo\pic18F2550_mplab\hw_pic18.c
               __config_4   0x300005    program     static c:\projekty\microvga\uvga-conio-demo\uvga-conio-demo\pic18F2550_mplab\hw_pic18.c
               __config_5   0x300006    program     static c:\projekty\microvga\uvga-conio-demo\uvga-conio-demo\pic18F2550_mplab\hw_pic18.c
               __config_6   0x300008    program     static c:\projekty\microvga\uvga-conio-demo\uvga-conio-demo\pic18F2550_mplab\hw_pic18.c
               __config_7   0x300009    program     static c:\projekty\microvga\uvga-conio-demo\uvga-conio-demo\pic18F2550_mplab\hw_pic18.c
               __config_8   0x30000a    program     static c:\projekty\microvga\uvga-conio-demo\uvga-conio-demo\pic18F2550_mplab\hw_pic18.c
               __config_9   0x30000b    program     static c:\projekty\microvga\uvga-conio-demo\uvga-conio-demo\pic18F2550_mplab\hw_pic18.c
              __config_10   0x30000c    program     static c:\projekty\microvga\uvga-conio-demo\uvga-conio-demo\pic18F2550_mplab\hw_pic18.c
              __config_11   0x30000d    program     static c:\projekty\microvga\uvga-conio-demo\uvga-conio-demo\pic18F2550_mplab\hw_pic18.c
                     SIGN   0x000000       data     extern C:\MCC18\src\traditional\math\cmath18.asm
                __FPFLAGS   0x000001       data     extern C:\MCC18\src\traditional\math\cmath18.asm
            __FPFLAGSbits   0x000001       data     extern C:\MCC18\src\traditional\math\cmath18.asm
                 __AARGB7   0x000002       data     extern C:\MCC18\src\traditional\math\aarg.asm
                  __REMB3   0x000002       data     extern C:\MCC18\src\traditional\math\aarg.asm
                 __AARGB6   0x000003       data     extern C:\MCC18\src\traditional\math\aarg.asm
                  __REMB2   0x000003       data     extern C:\MCC18\src\traditional\math\aarg.asm
                 __AARGB5   0x000004       data     extern C:\MCC18\src\traditional\math\aarg.asm
                  __REMB1   0x000004       data     extern C:\MCC18\src\traditional\math\aarg.asm
                 __AARGB4   0x000005       data     extern C:\MCC18\src\traditional\math\aarg.asm
                  __REMB0   0x000005       data     extern C:\MCC18\src\traditional\math\aarg.asm
                 __AARGB3   0x000006       data     extern C:\MCC18\src\traditional\math\aarg.asm
                 __AARGB2   0x000007       data     extern C:\MCC18\src\traditional\math\aarg.asm
                 __AARGB1   0x000008       data     extern C:\MCC18\src\traditional\math\aarg.asm
                 __AARGB0   0x000009       data     extern C:\MCC18\src\traditional\math\aarg.asm
                   __AEXP   0x00000a       data     extern C:\MCC18\src\traditional\math\aarg.asm
                 __BARGB3   0x00000b       data     extern C:\MCC18\src\traditional\math\barg.asm
                 __BARGB2   0x00000c       data     extern C:\MCC18\src\traditional\math\barg.asm
                 __BARGB1   0x00000d       data     extern C:\MCC18\src\traditional\math\barg.asm
                 __BARGB0   0x00000e       data     extern C:\MCC18\src\traditional\math\barg.asm
                   __BEXP   0x00000f       data     extern C:\MCC18\src\traditional\math\barg.asm
                 __TEMPB3   0x000010       data     extern C:\MCC18\src\traditional\math\temparg.asm
                 __TEMPB2   0x000011       data     extern C:\MCC18\src\traditional\math\temparg.asm
                 __TEMPB1   0x000012       data     extern C:\MCC18\src\traditional\math\temparg.asm
                   __TEMP   0x000013       data     extern C:\MCC18\src\traditional\math\temparg.asm
                 __TEMPB0   0x000013       data     extern C:\MCC18\src\traditional\math\temparg.asm
                  __tmp_0   0x000014       data     static c:\projekty\microvga\uvga-conio-demo\uvga-conio-demo\main.c
                  __tmp_0   0x000014       data     static c:\projekty\microvga\uvga-conio-demo\uvga-conio-demo\lib\conio.c
                  __tmp_0   0x000014       data     static c:\projekty\microvga\uvga-conio-demo\uvga-conio-demo\lib\ui.c
                  __tmp_0   0x000014       data     static c:\projekty\microvga\uvga-conio-demo\uvga-conio-demo\pic18F2550_mplab\hw_pic18.c
            memview_fkeys   0x000060       data     static c:\projekty\microvga\uvga-conio-demo\uvga-conio-demo\main.c
                 mainmenu   0x00007e       data     static c:\projekty\microvga\uvga-conio-demo\uvga-conio-demo\main.c
                 submenu1   0x000096       data     static c:\projekty\microvga\uvga-conio-demo\uvga-conio-demo\main.c
                 hexchars   0x0000a5       data     static c:\projekty\microvga\uvga-conio-demo\uvga-conio-demo\main.c
                uvga_logo   0x0000b5       data     static c:\projekty\microvga\uvga-conio-demo\uvga-conio-demo\main.c
                     prom   0x0000b8       data     static C:\MCC18\src\traditional\startup\c018i.c
                curr_byte   0x0000bb       data     static C:\MCC18\src\traditional\startup\c018i.c
               curr_entry   0x0000bd       data     static C:\MCC18\src\traditional\startup\c018i.c
                 data_ptr   0x0000bf       data     static C:\MCC18\src\traditional\startup\c018i.c
                    UFRML   0x000f66       data     extern C:\MCC18\src\traditional\proc\p18F2550.asm
                UFRMLbits   0x000f66       data     extern C:\MCC18\src\traditional\proc\p18F2550.asm
                     UFRM   0x000f66       data     extern C:\MCC18\src\traditional\proc\p18F2550.asm
                UFRMHbits   0x000f67       data     extern C:\MCC18\src\traditional\proc\p18F2550.asm
                    UFRMH   0x000f67       data     extern C:\MCC18\src\traditional\proc\p18F2550.asm
                  UIRbits   0x000f68       data     extern C:\MCC18\src\traditional\proc\p18F2550.asm
                      UIR   0x000f68       data     extern C:\MCC18\src\traditional\proc\p18F2550.asm
                  UIEbits   0x000f69       data     extern C:\MCC18\src\traditional\proc\p18F2550.asm
                      UIE   0x000f69       data     extern C:\MCC18\src\traditional\proc\p18F2550.asm
                     UEIR   0x000f6a       data     extern C:\MCC18\src\traditional\proc\p18F2550.asm
                 UEIRbits   0x000f6a       data     extern C:\MCC18\src\traditional\proc\p18F2550.asm
                 UEIEbits   0x000f6b       data     extern C:\MCC18\src\traditional\proc\p18F2550.asm
                     UEIE   0x000f6b       data     extern C:\MCC18\src\traditional\proc\p18F2550.asm
                USTATbits   0x000f6c       data     extern C:\MCC18\src\traditional\proc\p18F2550.asm
                    USTAT   0x000f6c       data     extern C:\MCC18\src\traditional\proc\p18F2550.asm
                     UCON   0x000f6d       data     extern C:\MCC18\src\traditional\proc\p18F2550.asm
                 UCONbits   0x000f6d       data     extern C:\MCC18\src\traditional\proc\p18F2550.asm
                UADDRbits   0x000f6e       data     extern C:\MCC18\src\traditional\proc\p18F2550.asm
                    UADDR   0x000f6e       data     extern C:\MCC18\src\traditional\proc\p18F2550.asm
                 UCFGbits   0x000f6f       data     extern C:\MCC18\src\traditional\proc\p18F2550.asm
                     UCFG   0x000f6f       data     extern C:\MCC18\src\traditional\proc\p18F2550.asm
                 UEP0bits   0x000f70       data     extern C:\MCC18\src\traditional\proc\p18F2550.asm
                     UEP0   0x000f70       data     extern C:\MCC18\src\traditional\proc\p18F2550.asm
                     UEP1   0x000f71       data     extern C:\MCC18\src\traditional\proc\p18F2550.asm
                 UEP1bits   0x000f71       data     extern C:\MCC18\src\traditional\proc\p18F2550.asm
                 UEP2bits   0x000f72       data     extern C:\MCC18\src\traditional\proc\p18F2550.asm
                     UEP2   0x000f72       data     extern C:\MCC18\src\traditional\proc\p18F2550.asm
                 UEP3bits   0x000f73       data     extern C:\MCC18\src\traditional\proc\p18F2550.asm
                     UEP3   0x000f73       data     extern C:\MCC18\src\traditional\proc\p18F2550.asm
                 UEP4bits   0x000f74       data     extern C:\MCC18\src\traditional\proc\p18F2550.asm
                     UEP4   0x000f74       data     extern C:\MCC18\src\traditional\proc\p18F2550.asm
                     UEP5   0x000f75       data     extern C:\MCC18\src\traditional\proc\p18F2550.asm
                 UEP5bits   0x000f75       data     extern C:\MCC18\src\traditional\proc\p18F2550.asm
                     UEP6   0x000f76       data     extern C:\MCC18\src\traditional\proc\p18F2550.asm
                 UEP6bits   0x000f76       data     extern C:\MCC18\src\traditional\proc\p18F2550.asm
                     UEP7   0x000f77       data     extern C:\MCC18\src\traditional\proc\p18F2550.asm
                 UEP7bits   0x000f77       data     extern C:\MCC18\src\traditional\proc\p18F2550.asm
                     UEP8   0x000f78       data     extern C:\MCC18\src\traditional\proc\p18F2550.asm
                 UEP8bits   0x000f78       data     extern C:\MCC18\src\traditional\proc\p18F2550.asm
                     UEP9   0x000f79       data     extern C:\MCC18\src\traditional\proc\p18F2550.asm
                 UEP9bits   0x000f79       data     extern C:\MCC18\src\traditional\proc\p18F2550.asm
                    UEP10   0x000f7a       data     extern C:\MCC18\src\traditional\proc\p18F2550.asm
                UEP10bits   0x000f7a       data     extern C:\MCC18\src\traditional\proc\p18F2550.asm
                UEP11bits   0x000f7b       data     extern C:\MCC18\src\traditional\proc\p18F2550.asm
                    UEP11   0x000f7b       data     extern C:\MCC18\src\traditional\proc\p18F2550.asm
                UEP12bits   0x000f7c       data     extern C:\MCC18\src\traditional\proc\p18F2550.asm
                    UEP12   0x000f7c       data     extern C:\MCC18\src\traditional\proc\p18F2550.asm
                UEP13bits   0x000f7d       data     extern C:\MCC18\src\traditional\proc\p18F2550.asm
                    UEP13   0x000f7d       data     extern C:\MCC18\src\traditional\proc\p18F2550.asm
                UEP14bits   0x000f7e       data     extern C:\MCC18\src\traditional\proc\p18F2550.asm
                    UEP14   0x000f7e       data     extern C:\MCC18\src\traditional\proc\p18F2550.asm
                    UEP15   0x000f7f       data     extern C:\MCC18\src\traditional\proc\p18F2550.asm
                UEP15bits   0x000f7f       data     extern C:\MCC18\src\traditional\proc\p18F2550.asm
                    PORTA   0x000f80       data     extern C:\MCC18\src\traditional\proc\p18F2550.asm
                PORTAbits   0x000f80       data     extern C:\MCC18\src\traditional\proc\p18F2550.asm
                    PORTB   0x000f81       data     extern C:\MCC18\src\traditional\proc\p18F2550.asm
                PORTBbits   0x000f81       data     extern C:\MCC18\src\traditional\proc\p18F2550.asm
                PORTCbits   0x000f82       data     extern C:\MCC18\src\traditional\proc\p18F2550.asm
                    PORTC   0x000f82       data     extern C:\MCC18\src\traditional\proc\p18F2550.asm
                PORTEbits   0x000f84       data     extern C:\MCC18\src\traditional\proc\p18F2550.asm
                    PORTE   0x000f84       data     extern C:\MCC18\src\traditional\proc\p18F2550.asm
                     LATA   0x000f89       data     extern C:\MCC18\src\traditional\proc\p18F2550.asm
                 LATAbits   0x000f89       data     extern C:\MCC18\src\traditional\proc\p18F2550.asm
                     LATB   0x000f8a       data     extern C:\MCC18\src\traditional\proc\p18F2550.asm
                 LATBbits   0x000f8a       data     extern C:\MCC18\src\traditional\proc\p18F2550.asm
                     LATC   0x000f8b       data     extern C:\MCC18\src\traditional\proc\p18F2550.asm
                 LATCbits   0x000f8b       data     extern C:\MCC18\src\traditional\proc\p18F2550.asm
                    TRISA   0x000f92       data     extern C:\MCC18\src\traditional\proc\p18F2550.asm
                TRISAbits   0x000f92       data     extern C:\MCC18\src\traditional\proc\p18F2550.asm
                     DDRA   0x000f92       data     extern C:\MCC18\src\traditional\proc\p18F2550.asm
                 DDRAbits   0x000f92       data     extern C:\MCC18\src\traditional\proc\p18F2550.asm
                TRISBbits   0x000f93       data     extern C:\MCC18\src\traditional\proc\p18F2550.asm
                    TRISB   0x000f93       data     extern C:\MCC18\src\traditional\proc\p18F2550.asm
                     DDRB   0x000f93       data     extern C:\MCC18\src\traditional\proc\p18F2550.asm
                 DDRBbits   0x000f93       data     extern C:\MCC18\src\traditional\proc\p18F2550.asm
                    TRISC   0x000f94       data     extern C:\MCC18\src\traditional\proc\p18F2550.asm
                TRISCbits   0x000f94       data     extern C:\MCC18\src\traditional\proc\p18F2550.asm
                 DDRCbits   0x000f94       data     extern C:\MCC18\src\traditional\proc\p18F2550.asm
                     DDRC   0x000f94       data     extern C:\MCC18\src\traditional\proc\p18F2550.asm
                  OSCTUNE   0x000f9b       data     extern C:\MCC18\src\traditional\proc\p18F2550.asm
              OSCTUNEbits   0x000f9b       data     extern C:\MCC18\src\traditional\proc\p18F2550.asm
                     PIE1   0x000f9d       data     extern C:\MCC18\src\traditional\proc\p18F2550.asm
                 PIE1bits   0x000f9d       data     extern C:\MCC18\src\traditional\proc\p18F2550.asm
                     PIR1   0x000f9e       data     extern C:\MCC18\src\traditional\proc\p18F2550.asm
                 PIR1bits   0x000f9e       data     extern C:\MCC18\src\traditional\proc\p18F2550.asm
                     IPR1   0x000f9f       data     extern C:\MCC18\src\traditional\proc\p18F2550.asm
                 IPR1bits   0x000f9f       data     extern C:\MCC18\src\traditional\proc\p18F2550.asm
                     PIE2   0x000fa0       data     extern C:\MCC18\src\traditional\proc\p18F2550.asm
                 PIE2bits   0x000fa0       data     extern C:\MCC18\src\traditional\proc\p18F2550.asm
                     PIR2   0x000fa1       data     extern C:\MCC18\src\traditional\proc\p18F2550.asm
                 PIR2bits   0x000fa1       data     extern C:\MCC18\src\traditional\proc\p18F2550.asm
                     IPR2   0x000fa2       data     extern C:\MCC18\src\traditional\proc\p18F2550.asm
                 IPR2bits   0x000fa2       data     extern C:\MCC18\src\traditional\proc\p18F2550.asm
                   EECON1   0x000fa6       data     extern C:\MCC18\src\traditional\proc\p18F2550.asm
               EECON1bits   0x000fa6       data     extern C:\MCC18\src\traditional\proc\p18F2550.asm
                   EECON2   0x000fa7       data     extern C:\MCC18\src\traditional\proc\p18F2550.asm
                   EEDATA   0x000fa8       data     extern C:\MCC18\src\traditional\proc\p18F2550.asm
                    EEADR   0x000fa9       data     extern C:\MCC18\src\traditional\proc\p18F2550.asm
                RCSTAbits   0x000fab       data     extern C:\MCC18\src\traditional\proc\p18F2550.asm
                    RCSTA   0x000fab       data     extern C:\MCC18\src\traditional\proc\p18F2550.asm
                    TXSTA   0x000fac       data     extern C:\MCC18\src\traditional\proc\p18F2550.asm
                TXSTAbits   0x000fac       data     extern C:\MCC18\src\traditional\proc\p18F2550.asm
                    TXREG   0x000fad       data     extern C:\MCC18\src\traditional\proc\p18F2550.asm
                    RCREG   0x000fae       data     extern C:\MCC18\src\traditional\proc\p18F2550.asm
                    SPBRG   0x000faf       data     extern C:\MCC18\src\traditional\proc\p18F2550.asm
                   SPBRGH   0x000fb0       data     extern C:\MCC18\src\traditional\proc\p18F2550.asm
                T3CONbits   0x000fb1       data     extern C:\MCC18\src\traditional\proc\p18F2550.asm
                    T3CON   0x000fb1       data     extern C:\MCC18\src\traditional\proc\p18F2550.asm
                    TMR3L   0x000fb2       data     extern C:\MCC18\src\traditional\proc\p18F2550.asm
                    TMR3H   0x000fb3       data     extern C:\MCC18\src\traditional\proc\p18F2550.asm
                    CMCON   0x000fb4       data     extern C:\MCC18\src\traditional\proc\p18F2550.asm
                CMCONbits   0x000fb4       data     extern C:\MCC18\src\traditional\proc\p18F2550.asm
                   CVRCON   0x000fb5       data     extern C:\MCC18\src\traditional\proc\p18F2550.asm
               CVRCONbits   0x000fb5       data     extern C:\MCC18\src\traditional\proc\p18F2550.asm
                   CCP1AS   0x000fb6       data     extern C:\MCC18\src\traditional\proc\p18F2550.asm
               CCP1ASbits   0x000fb6       data     extern C:\MCC18\src\traditional\proc\p18F2550.asm
              ECCP1ASbits   0x000fb6       data     extern C:\MCC18\src\traditional\proc\p18F2550.asm
                  ECCP1AS   0x000fb6       data     extern C:\MCC18\src\traditional\proc\p18F2550.asm
             ECCP1DELbits   0x000fb7       data     extern C:\MCC18\src\traditional\proc\p18F2550.asm
                 ECCP1DEL   0x000fb7       data     extern C:\MCC18\src\traditional\proc\p18F2550.asm
                  CCP1DEL   0x000fb7       data     extern C:\MCC18\src\traditional\proc\p18F2550.asm
              CCP1DELbits   0x000fb7       data     extern C:\MCC18\src\traditional\proc\p18F2550.asm
                  BAUDCON   0x000fb8       data     extern C:\MCC18\src\traditional\proc\p18F2550.asm
              BAUDCONbits   0x000fb8       data     extern C:\MCC18\src\traditional\proc\p18F2550.asm
              CCP2CONbits   0x000fba       data     extern C:\MCC18\src\traditional\proc\p18F2550.asm
                  CCP2CON   0x000fba       data     extern C:\MCC18\src\traditional\proc\p18F2550.asm
                    CCPR2   0x000fbb       data     extern C:\MCC18\src\traditional\proc\p18F2550.asm
                   CCPR2L   0x000fbb       data     extern C:\MCC18\src\traditional\proc\p18F2550.asm
                   CCPR2H   0x000fbc       data     extern C:\MCC18\src\traditional\proc\p18F2550.asm
              CCP1CONbits   0x000fbd       data     extern C:\MCC18\src\traditional\proc\p18F2550.asm
                  CCP1CON   0x000fbd       data     extern C:\MCC18\src\traditional\proc\p18F2550.asm
                    CCPR1   0x000fbe       data     extern C:\MCC18\src\traditional\proc\p18F2550.asm
                   CCPR1L   0x000fbe       data     extern C:\MCC18\src\traditional\proc\p18F2550.asm
                   CCPR1H   0x000fbf       data     extern C:\MCC18\src\traditional\proc\p18F2550.asm
                   ADCON2   0x000fc0       data     extern C:\MCC18\src\traditional\proc\p18F2550.asm
               ADCON2bits   0x000fc0       data     extern C:\MCC18\src\traditional\proc\p18F2550.asm
               ADCON1bits   0x000fc1       data     extern C:\MCC18\src\traditional\proc\p18F2550.asm
                   ADCON1   0x000fc1       data     extern C:\MCC18\src\traditional\proc\p18F2550.asm
                   ADCON0   0x000fc2       data     extern C:\MCC18\src\traditional\proc\p18F2550.asm
               ADCON0bits   0x000fc2       data     extern C:\MCC18\src\traditional\proc\p18F2550.asm
                    ADRES   0x000fc3       data     extern C:\MCC18\src\traditional\proc\p18F2550.asm
                   ADRESL   0x000fc3       data     extern C:\MCC18\src\traditional\proc\p18F2550.asm
                   ADRESH   0x000fc4       data     extern C:\MCC18\src\traditional\proc\p18F2550.asm
                  SSPCON2   0x000fc5       data     extern C:\MCC18\src\traditional\proc\p18F2550.asm
              SSPCON2bits   0x000fc5       data     extern C:\MCC18\src\traditional\proc\p18F2550.asm
                  SSPCON1   0x000fc6       data     extern C:\MCC18\src\traditional\proc\p18F2550.asm
              SSPCON1bits   0x000fc6       data     extern C:\MCC18\src\traditional\proc\p18F2550.asm
                  SSPSTAT   0x000fc7       data     extern C:\MCC18\src\traditional\proc\p18F2550.asm
              SSPSTATbits   0x000fc7       data     extern C:\MCC18\src\traditional\proc\p18F2550.asm
                   SSPADD   0x000fc8       data     extern C:\MCC18\src\traditional\proc\p18F2550.asm
                   SSPBUF   0x000fc9       data     extern C:\MCC18\src\traditional\proc\p18F2550.asm
                T2CONbits   0x000fca       data     extern C:\MCC18\src\traditional\proc\p18F2550.asm
                    T2CON   0x000fca       data     extern C:\MCC18\src\traditional\proc\p18F2550.asm
                      PR2   0x000fcb       data     extern C:\MCC18\src\traditional\proc\p18F2550.asm
                     TMR2   0x000fcc       data     extern C:\MCC18\src\traditional\proc\p18F2550.asm
                T1CONbits   0x000fcd       data     extern C:\MCC18\src\traditional\proc\p18F2550.asm
                    T1CON   0x000fcd       data     extern C:\MCC18\src\traditional\proc\p18F2550.asm
                    TMR1L   0x000fce       data     extern C:\MCC18\src\traditional\proc\p18F2550.asm
                    TMR1H   0x000fcf       data     extern C:\MCC18\src\traditional\proc\p18F2550.asm
                     RCON   0x000fd0       data     extern C:\MCC18\src\traditional\proc\p18F2550.asm
                 RCONbits   0x000fd0       data     extern C:\MCC18\src\traditional\proc\p18F2550.asm
                   WDTCON   0x000fd1       data     extern C:\MCC18\src\traditional\proc\p18F2550.asm
               WDTCONbits   0x000fd1       data     extern C:\MCC18\src\traditional\proc\p18F2550.asm
                  HLVDCON   0x000fd2       data     extern C:\MCC18\src\traditional\proc\p18F2550.asm
              HLVDCONbits   0x000fd2       data     extern C:\MCC18\src\traditional\proc\p18F2550.asm
               LVDCONbits   0x000fd2       data     extern C:\MCC18\src\traditional\proc\p18F2550.asm
                   LVDCON   0x000fd2       data     extern C:\MCC18\src\traditional\proc\p18F2550.asm
               OSCCONbits   0x000fd3       data     extern C:\MCC18\src\traditional\proc\p18F2550.asm
                   OSCCON   0x000fd3       data     extern C:\MCC18\src\traditional\proc\p18F2550.asm
                    T0CON   0x000fd5       data     extern C:\MCC18\src\traditional\proc\p18F2550.asm
                T0CONbits   0x000fd5       data     extern C:\MCC18\src\traditional\proc\p18F2550.asm
                    TMR0L   0x000fd6       data     extern C:\MCC18\src\traditional\proc\p18F2550.asm
                    TMR0H   0x000fd7       data     extern C:\MCC18\src\traditional\proc\p18F2550.asm
                   STATUS   0x000fd8       data     extern C:\MCC18\src\traditional\proc\p18F2550.asm
               STATUSbits   0x000fd8       data     extern C:\MCC18\src\traditional\proc\p18F2550.asm
                     FSR2   0x000fd9       data     extern C:\MCC18\src\traditional\proc\p18F2550.asm
                    FSR2L   0x000fd9       data     extern C:\MCC18\src\traditional\proc\p18F2550.asm
                    FSR2H   0x000fda       data     extern C:\MCC18\src\traditional\proc\p18F2550.asm
                   PLUSW2   0x000fdb       data     extern C:\MCC18\src\traditional\proc\p18F2550.asm
                  PREINC2   0x000fdc       data     extern C:\MCC18\src\traditional\proc\p18F2550.asm
                 POSTDEC2   0x000fdd       data     extern C:\MCC18\src\traditional\proc\p18F2550.asm
                 POSTINC2   0x000fde       data     extern C:\MCC18\src\traditional\proc\p18F2550.asm
                    INDF2   0x000fdf       data     extern C:\MCC18\src\traditional\proc\p18F2550.asm
                      BSR   0x000fe0       data     extern C:\MCC18\src\traditional\proc\p18F2550.asm
                     FSR1   0x000fe1       data     extern C:\MCC18\src\traditional\proc\p18F2550.asm
                    FSR1L   0x000fe1       data     extern C:\MCC18\src\traditional\proc\p18F2550.asm
                    FSR1H   0x000fe2       data     extern C:\MCC18\src\traditional\proc\p18F2550.asm
                   PLUSW1   0x000fe3       data     extern C:\MCC18\src\traditional\proc\p18F2550.asm
                  PREINC1   0x000fe4       data     extern C:\MCC18\src\traditional\proc\p18F2550.asm
                 POSTDEC1   0x000fe5       data     extern C:\MCC18\src\traditional\proc\p18F2550.asm
                 POSTINC1   0x000fe6       data     extern C:\MCC18\src\traditional\proc\p18F2550.asm
                    INDF1   0x000fe7       data     extern C:\MCC18\src\traditional\proc\p18F2550.asm
                     WREG   0x000fe8       data     extern C:\MCC18\src\traditional\proc\p18F2550.asm
                     FSR0   0x000fe9       data     extern C:\MCC18\src\traditional\proc\p18F2550.asm
                    FSR0L   0x000fe9       data     extern C:\MCC18\src\traditional\proc\p18F2550.asm
                    FSR0H   0x000fea       data     extern C:\MCC18\src\traditional\proc\p18F2550.asm
                   PLUSW0   0x000feb       data     extern C:\MCC18\src\traditional\proc\p18F2550.asm
                  PREINC0   0x000fec       data     extern C:\MCC18\src\traditional\proc\p18F2550.asm
                 POSTDEC0   0x000fed       data     extern C:\MCC18\src\traditional\proc\p18F2550.asm
                 POSTINC0   0x000fee       data     extern C:\MCC18\src\traditional\proc\p18F2550.asm
                    INDF0   0x000fef       data     extern C:\MCC18\src\traditional\proc\p18F2550.asm
              INTCON3bits   0x000ff0       data     extern C:\MCC18\src\traditional\proc\p18F2550.asm
                  INTCON3   0x000ff0       data     extern C:\MCC18\src\traditional\proc\p18F2550.asm
              INTCON2bits   0x000ff1       data     extern C:\MCC18\src\traditional\proc\p18F2550.asm
                  INTCON2   0x000ff1       data     extern C:\MCC18\src\traditional\proc\p18F2550.asm
               INTCONbits   0x000ff2       data     extern C:\MCC18\src\traditional\proc\p18F2550.asm
                   INTCON   0x000ff2       data     extern C:\MCC18\src\traditional\proc\p18F2550.asm
                    PRODL   0x000ff3       data     extern C:\MCC18\src\traditional\proc\p18F2550.asm
                     PROD   0x000ff3       data     extern C:\MCC18\src\traditional\proc\p18F2550.asm
                    PRODH   0x000ff4       data     extern C:\MCC18\src\traditional\proc\p18F2550.asm
                   TABLAT   0x000ff5       data     extern C:\MCC18\src\traditional\proc\p18F2550.asm
                   TBLPTR   0x000ff6       data     extern C:\MCC18\src\traditional\proc\p18F2550.asm
                  TBLPTRL   0x000ff6       data     extern C:\MCC18\src\traditional\proc\p18F2550.asm
                  TBLPTRH   0x000ff7       data     extern C:\MCC18\src\traditional\proc\p18F2550.asm
                  TBLPTRU   0x000ff8       data     extern C:\MCC18\src\traditional\proc\p18F2550.asm
                      PCL   0x000ff9       data     extern C:\MCC18\src\traditional\proc\p18F2550.asm
                       PC   0x000ff9       data     extern C:\MCC18\src\traditional\proc\p18F2550.asm
                   PCLATH   0x000ffa       data     extern C:\MCC18\src\traditional\proc\p18F2550.asm
                   PCLATU   0x000ffb       data     extern C:\MCC18\src\traditional\proc\p18F2550.asm
                   STKPTR   0x000ffc       data     extern C:\MCC18\src\traditional\proc\p18F2550.asm
               STKPTRbits   0x000ffc       data     extern C:\MCC18\src\traditional\proc\p18F2550.asm
                      TOS   0x000ffd       data     extern C:\MCC18\src\traditional\proc\p18F2550.asm
                     TOSL   0x000ffd       data     extern C:\MCC18\src\traditional\proc\p18F2550.asm
                     TOSH   0x000ffe       data     extern C:\MCC18\src\traditional\proc\p18F2550.asm
                     TOSU   0x000fff       data     extern C:\MCC18\src\traditional\proc\p18F2550.asm


